// Jest Snapshot v1, https://goo.gl/fbAQLP

exports[`Test DefinitionOfPopulation componnent (ACS Hybrid) Component renders with correct content 1`] = `<body />`;

exports[`Test DefinitionOfPopulation componnent (ACS) Component renders with correct content 1`] = `<body />`;

exports[`Test DefinitionOfPopulation componnent (CCS Hybrid) Component renders with correct content 1`] = `<body />`;

exports[`Test DefinitionOfPopulation componnent (CCS) Component renders with correct content 1`] = `<body />`;

exports[`Test DefinitionOfPopulation componnent (HHS Hybrid) Component renders with correct content 1`] = `<body />`;

exports[`Test DefinitionOfPopulation componnent (HHS) Component renders with correct content 1`] = `<body />`;
